2026-10-03 09:41:16 [INFO] [Master]: Initiating full-scale empire architecture sweep...
2026-10-03 09:41:16 [SUCCESS] [Registry]: Node online and verified: C:\Epyon
2026-10-03 09:41:16 [SUCCESS] [Registry]: Node online and verified: C:\SovereignFederation
2026-10-03 09:41:16 [SUCCESS] [Registry]: Node online and verified: C:\SovereignOS
2026-10-03 09:41:16 [SUCCESS] [Registry]: Node online and verified: C:\0-8-Empire-Vault
2026-10-03 09:41:16 [SUCCESS] [Registry]: Node online and verified: C:\MemoryArchitect
2026-10-03 09:41:16 [SUCCESS] [Registry]: Node online and verified: C:\OmegaEmpire
2026-10-03 09:41:16 [SUCCESS] [Registry]: Node online and verified: C:\CosmosOS
2026-10-03 09:41:16 [SUCCESS] [Registry]: Node online and verified: C:\EmpireOS
2026-10-03 09:41:16 [SUCCESS] [Master]: Empire-wide node scan complete. All system telemetry updated.
2026-10-03 09:45:16 [INFO] [Master]: Initiating full-scale empire architecture sweep & vault sync...
2026-10-03 09:45:16 [SUCCESS] [Registry]: Node online and verified: C:\Epyon
2026-10-03 09:45:16 [SUCCESS] [Registry]: Node online and verified: C:\SovereignFederation
2026-10-03 09:45:16 [SUCCESS] [Registry]: Node online and verified: C:\SovereignOS
2026-10-03 09:45:16 [SUCCESS] [Registry]: Node online and verified: C:\0-8-Empire-Vault
2026-10-03 09:45:16 [SUCCESS] [Registry]: Node online and verified: C:\MemoryArchitect
2026-10-03 09:45:16 [SUCCESS] [Registry]: Node online and verified: C:\OmegaEmpire
2026-10-03 09:45:16 [SUCCESS] [Registry]: Node online and verified: C:\CosmosOS
2026-10-03 09:45:16 [SUCCESS] [Registry]: Node online and verified: C:\EmpireOS
2026-10-03 09:45:16 [SUCCESS] [Vault]: Master telemetry snapshot archived to: C:\0-8-Empire-Vault\System_Backups\empire_master_20261003_094516.log
2026-10-03 09:45:16 [SUCCESS] [Master]: Empire-wide node scan and vault sync complete.
2026-10-03 09:49:29 [INFO] [SovereignOS]: === SOVEREIGN OS IGNITION SEQUENCE INITIATED ===
2026-10-03 09:49:29 [SUCCESS] [Core]: Empire-wide heartbeat emitted successfully.
2026-10-03 09:49:29 [SUCCESS] [Registry]: Node verified active: Elyon Crown Node
2026-10-03 09:49:29 [SUCCESS] [Registry]: Node verified active: Sovereign Federation
2026-10-03 09:49:29 [SUCCESS] [Registry]: Node verified active: SovereignOS
2026-10-03 09:49:29 [SUCCESS] [Registry]: Node verified active: 0-8 Empire Vault
2026-10-03 09:49:29 [SUCCESS] [Registry]: Node verified active: Memory Architect
2026-10-03 09:49:29 [SUCCESS] [Registry]: Node verified active: Omega Empire / Engine
2026-10-03 09:49:29 [SUCCESS] [Registry]: Node verified active: CosmosOS
2026-10-03 09:49:29 [SUCCESS] [Registry]: Node verified active: EmpireOS
2026-10-03 09:49:29 [WARNING] [RollCall]: Roll-call manifest missing. Generating baseline structure...
2026-10-03 09:49:29 [SUCCESS] [RollCall]: Baseline roll-call manifest initialized.
2026-10-03 09:49:29 [INFO] [Elyon]: Synchronizing Elyon Crown node telemetry with Master core...
2026-10-03 09:49:29 [INFO] [OmegaEngine]: Pinging OmegaEngine core subsystems...
2026-10-03 09:49:29 [SUCCESS] [OmegaEngine]: OmegaEngine subsystems verified and fully operational.
2026-10-03 09:49:29 [SUCCESS] [Vault]: Master telemetry snapshot securely archived to Vault: C:\0-8-Empire-Vault\System_Backups\empire_master_20261003_094929.log
2026-10-03 09:49:29 [SUCCESS] [SovereignOS]: === SOVEREIGN EMPIRE IGNITION & SWEEP COMPLETE ===
2026-10-03 09:54:51 [INFO] [SovereignOS]: === DAILY IGNITION CYCLE & EMPIRE SWEEP INITIATED ===
2026-10-03 09:54:51 [SUCCESS] [Registry]: Planet online: Crown (Elyon)
2026-10-03 09:54:51 [WARNING] [AutoHeal]: Planet missing: Forge. Executing auto-healing...
2026-10-03 09:54:51 [SUCCESS] [AutoHeal]: Auto-healed and restored: C:\OmegaEmpire\Forge
2026-10-03 09:54:51 [SUCCESS] [Registry]: Planet online: Vault
2026-10-03 09:54:51 [WARNING] [AutoHeal]: Planet missing: Aegis. Executing auto-healing...
2026-10-03 09:54:51 [SUCCESS] [AutoHeal]: Auto-healed and restored: C:\MemoryArchitect\Aegis
2026-10-03 09:54:51 [WARNING] [AutoHeal]: Planet missing: Mythos. Executing auto-healing...
2026-10-03 09:54:51 [SUCCESS] [AutoHeal]: Auto-healed and restored: C:\EmpireOS\Mythos
2026-10-03 09:54:51 [SUCCESS] [Registry]: Planet online: Engine
2026-10-03 09:54:52 [SUCCESS] [Registry]: Planet online: Mind
2026-10-03 09:54:52 [WARNING] [AutoHeal]: Planet missing: Sanctuary. Executing auto-healing...
2026-10-03 09:54:52 [SUCCESS] [AutoHeal]: Auto-healed and restored: C:\CosmosOS\Sanctuary
2026-10-03 09:54:52 [SUCCESS] [RollCall]: Agent roll-call verified. Active registered units: 2 across 8 planets.
2026-10-03 09:54:52 [INFO] [Elyon]: Executing bi-directional Elyon -> Master telemetry sync...
2026-10-03 09:54:52 [INFO] [OmegaEngine]: Triggering OmegaEngine scheduled background tasks...
2026-10-03 09:54:52 [SUCCESS] [OmegaEngine]: OmegaEngine task queues cleared and optimized.
2026-10-03 09:54:52 [SUCCESS] [Metrics]: Empire-wide metrics compiled to JSON telemetry.
2026-10-03 09:54:52 [SUCCESS] [Vault]: Master telemetry snapshot archived to Vault: C:\0-8-Empire-Vault\System_Backups\empire_master_20261003_095452.log
2026-10-03 09:54:52 [SUCCESS] [SovereignOS]: === DAILY IGNITION & EMPIRE SWEEP COMPLETE ===
2026-10-03 10:00:30 [INFO] [OmegaEmpire]: === OMEGAEMPIRE IGNITION & SYSTEM SWEEP INITIATED ===
2026-10-03 10:00:30 [SUCCESS] [Registry]: Node online and verified: OmegaEmpire Root
2026-10-03 10:00:30 [SUCCESS] [Registry]: Node online and verified: 0-8 Empire Vault
2026-10-03 10:00:30 [SUCCESS] [Registry]: Node online and verified: Epyon Crown Node
2026-10-03 10:00:30 [SUCCESS] [Registry]: Node online and verified: Sovereign Federation
2026-10-03 10:00:30 [SUCCESS] [Registry]: Node online and verified: SovereignOS
2026-10-03 10:00:30 [SUCCESS] [Registry]: Node online and verified: Memory Architect
2026-10-03 10:00:30 [SUCCESS] [Registry]: Node online and verified: CosmosOS
2026-10-03 10:00:30 [SUCCESS] [Registry]: Node online and verified: EmpireOS
2026-10-03 10:00:30 [SUCCESS] [RollCall]: Agent roll-call verified. Active operational units: 2
2026-10-03 10:00:30 [SUCCESS] [Metrics]: Empire-wide telemetry metrics updated.
2026-10-03 10:00:30 [SUCCESS] [Vault]: Master telemetry snapshot secured in 0-8-Empire-Vault: C:\0-8-Empire-Vault\System_Backups\empire_master_20261003_100030.log
2026-10-03 10:00:30 [SUCCESS] [OmegaEmpire]: === OMEGAEMPIRE IGNITION & SWEEP COMPLETE ===
2026-10-03 10:04:46 [INFO] [OmegaEmpire]: === OMEGAEMPIRE IGNITION & HONEST SWEEP INITIATED ===
2026-10-03 10:04:46 [SUCCESS] [Registry]: Node verified active (Pre-existing): OmegaEmpire Root
2026-10-03 10:04:46 [SUCCESS] [Registry]: Node verified active (Pre-existing): 0-8 Empire Vault
2026-10-03 10:04:46 [SUCCESS] [Registry]: Node verified active (Pre-existing): Epyon Crown Node
2026-10-03 10:04:46 [SUCCESS] [Registry]: Node verified active (Pre-existing): Sovereign Federation
2026-10-03 10:04:46 [SUCCESS] [Registry]: Node verified active (Pre-existing): SovereignOS
2026-10-03 10:04:46 [SUCCESS] [Registry]: Node verified active (Pre-existing): Memory Architect
2026-10-03 10:04:46 [SUCCESS] [Registry]: Node verified active (Pre-existing): CosmosOS
2026-10-03 10:04:46 [SUCCESS] [Registry]: Node verified active (Pre-existing): EmpireOS
2026-10-03 10:04:46 [SUCCESS] [RollCall]: Roll-call status: VERIFIED (Loaded existing manifest with 2 units).
2026-10-03 10:04:46 [SUCCESS] [Metrics]: Honest telemetry metrics compiled.
