2026-10-03 09:41:16 [INFO] [Master]: Initiating full-scale empire architecture sweep...
2026-10-03 09:41:16 [SUCCESS] [Registry]: Node online and verified: C:\Epyon
2026-10-03 09:41:16 [SUCCESS] [Registry]: Node online and verified: C:\SovereignFederation
2026-10-03 09:41:16 [SUCCESS] [Registry]: Node online and verified: C:\SovereignOS
2026-10-03 09:41:16 [SUCCESS] [Registry]: Node online and verified: C:\0-8-Empire-Vault
2026-10-03 09:41:16 [SUCCESS] [Registry]: Node online and verified: C:\MemoryArchitect
2026-10-03 09:41:16 [SUCCESS] [Registry]: Node online and verified: C:\OmegaEmpire
2026-10-03 09:41:16 [SUCCESS] [Registry]: Node online and verified: C:\CosmosOS
2026-10-03 09:41:16 [SUCCESS] [Registry]: Node online and verified: C:\EmpireOS
2026-10-03 09:41:16 [SUCCESS] [Master]: Empire-wide node scan complete. All system telemetry updated.
2026-10-03 09:45:16 [INFO] [Master]: Initiating full-scale empire architecture sweep & vault sync...
2026-10-03 09:45:16 [SUCCESS] [Registry]: Node online and verified: C:\Epyon
2026-10-03 09:45:16 [SUCCESS] [Registry]: Node online and verified: C:\SovereignFederation
2026-10-03 09:45:16 [SUCCESS] [Registry]: Node online and verified: C:\SovereignOS
2026-10-03 09:45:16 [SUCCESS] [Registry]: Node online and verified: C:\0-8-Empire-Vault
2026-10-03 09:45:16 [SUCCESS] [Registry]: Node online and verified: C:\MemoryArchitect
2026-10-03 09:45:16 [SUCCESS] [Registry]: Node online and verified: C:\OmegaEmpire
2026-10-03 09:45:16 [SUCCESS] [Registry]: Node online and verified: C:\CosmosOS
2026-10-03 09:45:16 [SUCCESS] [Registry]: Node online and verified: C:\EmpireOS
2026-10-03 09:45:16 [SUCCESS] [Vault]: Master telemetry snapshot archived to: C:\0-8-Empire-Vault\System_Backups\empire_master_20261003_094516.log
2026-10-03 09:45:16 [SUCCESS] [Master]: Empire-wide node scan and vault sync complete.
2026-10-03 09:49:29 [INFO] [SovereignOS]: === SOVEREIGN OS IGNITION SEQUENCE INITIATED ===
2026-10-03 09:49:29 [SUCCESS] [Core]: Empire-wide heartbeat emitted successfully.
2026-10-03 09:49:29 [SUCCESS] [Registry]: Node verified active: Elyon Crown Node
2026-10-03 09:49:29 [SUCCESS] [Registry]: Node verified active: Sovereign Federation
2026-10-03 09:49:29 [SUCCESS] [Registry]: Node verified active: SovereignOS
2026-10-03 09:49:29 [SUCCESS] [Registry]: Node verified active: 0-8 Empire Vault
2026-10-03 09:49:29 [SUCCESS] [Registry]: Node verified active: Memory Architect
2026-10-03 09:49:29 [SUCCESS] [Registry]: Node verified active: Omega Empire / Engine
2026-10-03 09:49:29 [SUCCESS] [Registry]: Node verified active: CosmosOS
2026-10-03 09:49:29 [SUCCESS] [Registry]: Node verified active: EmpireOS
2026-10-03 09:49:29 [WARNING] [RollCall]: Roll-call manifest missing. Generating baseline structure...
2026-10-03 09:49:29 [SUCCESS] [RollCall]: Baseline roll-call manifest initialized.
2026-10-03 09:49:29 [INFO] [Elyon]: Synchronizing Elyon Crown node telemetry with Master core...
2026-10-03 09:49:29 [INFO] [OmegaEngine]: Pinging OmegaEngine core subsystems...
2026-10-03 09:49:29 [SUCCESS] [OmegaEngine]: OmegaEngine subsystems verified and fully operational.
